26-Sep-2024 16:38:44.848 INFO [main] org.apache.catalina.startup.VersionLoggerListener.log Server version name:   Apache Tomcat/10.1.30
26-Sep-2024 16:38:44.850 INFO [main] org.apache.catalina.startup.VersionLoggerListener.log Server built:          Sep 13 2024 20:26:16 UTC
26-Sep-2024 16:38:44.850 INFO [main] org.apache.catalina.startup.VersionLoggerListener.log Server version number: 10.1.30.0
26-Sep-2024 16:38:44.850 INFO [main] org.apache.catalina.startup.VersionLoggerListener.log OS Name:               Linux
26-Sep-2024 16:38:44.850 INFO [main] org.apache.catalina.startup.VersionLoggerListener.log OS Version:            6.8.0-41-generic
26-Sep-2024 16:38:44.850 INFO [main] org.apache.catalina.startup.VersionLoggerListener.log Architecture:          amd64
26-Sep-2024 16:38:44.850 INFO [main] org.apache.catalina.startup.VersionLoggerListener.log Java Home:             /usr/lib/jvm/java-21-openjdk-amd64
26-Sep-2024 16:38:44.850 INFO [main] org.apache.catalina.startup.VersionLoggerListener.log JVM Version:           21.0.4+7-Ubuntu-1ubuntu224.04
26-Sep-2024 16:38:44.851 INFO [main] org.apache.catalina.startup.VersionLoggerListener.log JVM Vendor:            Ubuntu
26-Sep-2024 16:38:44.851 INFO [main] org.apache.catalina.startup.VersionLoggerListener.log CATALINA_BASE:         /home/vbit/web/apache-tomcat-10.1.30
26-Sep-2024 16:38:44.851 INFO [main] org.apache.catalina.startup.VersionLoggerListener.log CATALINA_HOME:         /home/vbit/web/apache-tomcat-10.1.30
26-Sep-2024 16:38:44.857 INFO [main] org.apache.catalina.startup.VersionLoggerListener.log Command line argument: -Djava.util.logging.config.file=/home/vbit/web/apache-tomcat-10.1.30/conf/logging.properties
26-Sep-2024 16:38:44.857 INFO [main] org.apache.catalina.startup.VersionLoggerListener.log Command line argument: -Djava.util.logging.manager=org.apache.juli.ClassLoaderLogManager
26-Sep-2024 16:38:44.857 INFO [main] org.apache.catalina.startup.VersionLoggerListener.log Command line argument: -Djdk.tls.ephemeralDHKeySize=2048
26-Sep-2024 16:38:44.857 INFO [main] org.apache.catalina.startup.VersionLoggerListener.log Command line argument: -Djava.protocol.handler.pkgs=org.apache.catalina.webresources
26-Sep-2024 16:38:44.857 INFO [main] org.apache.catalina.startup.VersionLoggerListener.log Command line argument: -Dorg.apache.catalina.security.SecurityListener.UMASK=0027
26-Sep-2024 16:38:44.857 INFO [main] org.apache.catalina.startup.VersionLoggerListener.log Command line argument: --add-opens=java.base/java.lang=ALL-UNNAMED
26-Sep-2024 16:38:44.857 INFO [main] org.apache.catalina.startup.VersionLoggerListener.log Command line argument: --add-opens=java.base/java.io=ALL-UNNAMED
26-Sep-2024 16:38:44.857 INFO [main] org.apache.catalina.startup.VersionLoggerListener.log Command line argument: --add-opens=java.base/java.util=ALL-UNNAMED
26-Sep-2024 16:38:44.857 INFO [main] org.apache.catalina.startup.VersionLoggerListener.log Command line argument: --add-opens=java.base/java.util.concurrent=ALL-UNNAMED
26-Sep-2024 16:38:44.857 INFO [main] org.apache.catalina.startup.VersionLoggerListener.log Command line argument: --add-opens=java.rmi/sun.rmi.transport=ALL-UNNAMED
26-Sep-2024 16:38:44.857 INFO [main] org.apache.catalina.startup.VersionLoggerListener.log Command line argument: -Dcatalina.base=/home/vbit/web/apache-tomcat-10.1.30
26-Sep-2024 16:38:44.857 INFO [main] org.apache.catalina.startup.VersionLoggerListener.log Command line argument: -Dcatalina.home=/home/vbit/web/apache-tomcat-10.1.30
26-Sep-2024 16:38:44.857 INFO [main] org.apache.catalina.startup.VersionLoggerListener.log Command line argument: -Djava.io.tmpdir=/home/vbit/web/apache-tomcat-10.1.30/temp
26-Sep-2024 16:38:44.859 INFO [main] org.apache.catalina.core.AprLifecycleListener.lifecycleEvent The Apache Tomcat Native library which allows using OpenSSL was not found on the java.library.path: [/usr/java/packages/lib:/usr/lib/x86_64-linux-gnu/jni:/lib/x86_64-linux-gnu:/usr/lib/x86_64-linux-gnu:/usr/lib/jni:/lib:/usr/lib]
26-Sep-2024 16:38:45.061 INFO [main] org.apache.coyote.AbstractProtocol.init Initializing ProtocolHandler ["http-nio-8080"]
26-Sep-2024 16:38:45.077 INFO [main] org.apache.catalina.startup.Catalina.load Server initialization in [333] milliseconds
26-Sep-2024 16:38:45.102 INFO [main] org.apache.catalina.core.StandardService.startInternal Starting service [Catalina]
26-Sep-2024 16:38:45.102 INFO [main] org.apache.catalina.core.StandardEngine.startInternal Starting Servlet engine: [Apache Tomcat/10.1.30]
26-Sep-2024 16:38:45.107 INFO [main] org.apache.catalina.startup.HostConfig.deployDirectory Deploying web application directory [/home/vbit/web/apache-tomcat-10.1.30/webapps/docs]
26-Sep-2024 16:38:45.268 INFO [main] org.apache.catalina.startup.HostConfig.deployDirectory Deployment of web application directory [/home/vbit/web/apache-tomcat-10.1.30/webapps/docs] has finished in [161] ms
26-Sep-2024 16:38:45.268 INFO [main] org.apache.catalina.startup.HostConfig.deployDirectory Deploying web application directory [/home/vbit/web/apache-tomcat-10.1.30/webapps/examples]
26-Sep-2024 16:38:45.404 INFO [main] org.apache.catalina.startup.HostConfig.deployDirectory Deployment of web application directory [/home/vbit/web/apache-tomcat-10.1.30/webapps/examples] has finished in [136] ms
26-Sep-2024 16:38:45.404 INFO [main] org.apache.catalina.startup.HostConfig.deployDirectory Deploying web application directory [/home/vbit/web/apache-tomcat-10.1.30/webapps/ROOT]
26-Sep-2024 16:38:45.413 INFO [main] org.apache.catalina.startup.HostConfig.deployDirectory Deployment of web application directory [/home/vbit/web/apache-tomcat-10.1.30/webapps/ROOT] has finished in [9] ms
26-Sep-2024 16:38:45.413 INFO [main] org.apache.catalina.startup.HostConfig.deployDirectory Deploying web application directory [/home/vbit/web/apache-tomcat-10.1.30/webapps/host-manager]
26-Sep-2024 16:38:45.425 INFO [main] org.apache.catalina.startup.HostConfig.deployDirectory Deployment of web application directory [/home/vbit/web/apache-tomcat-10.1.30/webapps/host-manager] has finished in [12] ms
26-Sep-2024 16:38:45.425 INFO [main] org.apache.catalina.startup.HostConfig.deployDirectory Deploying web application directory [/home/vbit/web/apache-tomcat-10.1.30/webapps/manager]
26-Sep-2024 16:38:45.436 INFO [main] org.apache.catalina.startup.HostConfig.deployDirectory Deployment of web application directory [/home/vbit/web/apache-tomcat-10.1.30/webapps/manager] has finished in [11] ms
26-Sep-2024 16:38:45.438 INFO [main] org.apache.coyote.AbstractProtocol.start Starting ProtocolHandler ["http-nio-8080"]
26-Sep-2024 16:38:45.445 INFO [main] org.apache.catalina.startup.Catalina.start Server startup in [367] milliseconds
